// Jest Snapshot v1, https://goo.gl/fbAQLP

exports[`<Logos /> should render and match the snapshot 1`] = `
<DocumentFragment>
  .c0 {
  display: -webkit-box;
  display: -webkit-flex;
  display: -ms-flexbox;
  display: flex;
  -webkit-align-items: center;
  -webkit-box-align: center;
  -ms-flex-align: center;
  align-items: center;
  color: rgba(58,52,51,0.12);
}

.c0 .logo {
  width: 8.5rem;
  height: 8.5rem;
}

.c0 .sign {
  width: 2rem;
  height: 2rem;
  margin: 0 2rem;
}

<div
    class="c0"
  >
    <img
      alt="avatar"
      class="logo"
      src="/my-avatar.png"
    />
  </div>
</DocumentFragment>
`;
