// Jest Snapshot v1, https://goo.gl/fbAQLP

exports[`<Logo /> should match snapshot 1`] = `
.c0 {
  display: -webkit-box;
  display: -webkit-flex;
  display: -ms-flexbox;
  display: flex;
  -webkit-align-items: center;
  -webkit-box-align: center;
  -ms-flex-align: center;
  align-items: center;
}

.c1 {
  font-size: 1.25rem;
  font-weight: bold;
  margin-right: 1rem;
  font-family: system-ui,-apple-system,BlinkMacSystemFont,"Segoe UI",Roboto,"Helvetica Neue",Arial,"Noto Sans",sans-serif,"Apple Color Emoji","Segoe UI Emoji","Segoe UI Symbol","Noto Color Emoji";
}

<div
  class="c0"
>
  <div
    class="c1"
  >
    Amit Kurud's Blog
  </div>
</div>
`;
